../Core/Src/main.c:108:6:HAL_GPIO_EXTI_Callback	32	static
../Core/Src/main.c:130:6:Set_Pin_Output	40	static
../Core/Src/main.c:140:6:Set_Pin_Input	40	static
../Core/Src/main.c:148:6:Delay_us	16	static
../Core/Src/main.c:153:6:DHT22_Start	8	static
../Core/Src/main.c:163:9:DHT22_Check_Response	16	static
../Core/Src/main.c:179:9:DHT22_Read	16	static
../Core/Src/main.c:199:6:DHT22	8	static
../Core/Src/main.c:220:6:SHT40_ReadTemperatureHumidity	40	static
../Core/Src/main.c:246:6:BH1750_ReadLightIntensity	32	static
../Core/Src/main.c:270:6:SendData	96	static
../Core/Src/main.c:311:5:CheckTem	4	static
../Core/Src/main.c:324:5:CheckHum	4	static
../Core/Src/main.c:337:5:CheckLight	4	static
../Core/Src/main.c:359:5:main	16	static
../Core/Src/main.c:413:6:SystemClock_Config	88	static
../Core/Src/main.c:460:13:MX_I2C1_Init	8	static
../Core/Src/main.c:508:13:MX_TIM2_Init	32	static
../Core/Src/main.c:553:13:MX_USART1_UART_Init	8	static
../Core/Src/main.c:586:13:MX_GPIO_Init	40	static
../Core/Src/main.c:628:6:Error_Handler	4	static,ignoring_inline_asm
