../Core/Src/main.c:105:6:HAL_GPIO_EXTI_Callback	32	static
../Core/Src/main.c:127:6:Set_Pin_Output	40	static
../Core/Src/main.c:137:6:Set_Pin_Input	40	static
../Core/Src/main.c:145:6:Delay_us	16	static
../Core/Src/main.c:150:6:DHT22_Start	8	static
../Core/Src/main.c:160:9:DHT22_Check_Response	16	static
../Core/Src/main.c:176:9:DHT22_Read	16	static
../Core/Src/main.c:196:6:DHT22	8	static
../Core/Src/main.c:217:6:SHT40_ReadTemperatureHumidity	40	static
../Core/Src/main.c:243:6:BH1750_ReadLightIntensity	32	static
../Core/Src/main.c:267:6:SendData	96	static
../Core/Src/main.c:308:5:CheckTem	4	static
../Core/Src/main.c:321:5:CheckHum	4	static
../Core/Src/main.c:334:5:CheckLight	4	static
../Core/Src/main.c:356:5:main	16	static
../Core/Src/main.c:409:6:SystemClock_Config	88	static
../Core/Src/main.c:456:13:MX_I2C1_Init	8	static
../Core/Src/main.c:504:13:MX_TIM2_Init	32	static
../Core/Src/main.c:549:13:MX_USART1_UART_Init	8	static
../Core/Src/main.c:582:13:MX_GPIO_Init	40	static
../Core/Src/main.c:620:6:Error_Handler	4	static,ignoring_inline_asm
